(---------------------------------------------------------------------)
(                                                                     )
(    Allegro Netrev Import Logic                                      )
(                                                                     )
(    Drawing          : V1.brd                                        )
(    Software Version : 25.1P001                                      )
(    Date/Time        : Wed Nov 12 19:32:10 2025                      )
(                                                                     )
(---------------------------------------------------------------------)


------ Directives ------------

Ripup etch:                  No
Ripup delete first segment:  No
Ripup retain bondwire:       No
Ripup symbols:               Always
Missing symbol has error:    No
DRC update:                  Yes
Schematic directory:         'C:\SPB_Data\safety_circuit_2025-26\output\safety_circuit_2025#2d26\packaged'
Design Directory:            'C:/SPB_Data/safety_circuit_2025-26/output/safety_circuit_2025#2d26/physical'
Old design name:             'C:/SPB_Data/safety_circuit_2025-26/output/safety_circuit_2025#2d26/physical/V1.brd'
New design name:             'C:/SPB_Data/safety_circuit_2025-26/output/safety_circuit_2025#2d26/physical/V1.brd'

CmdLine: netrev -i C:\SPB_Data\safety_circuit_2025-26\output\safety_circuit_2025#2d26\packaged -y 1 -q netrev_constraint_report.xml C:/SPB_Data/safety_circuit_2025-26/output/safety_circuit_2025#2d26/physical/#Taaaahe23060.tmp

------ Preparing to read pst files ------

Starting to read C:/SPB_Data/safety_circuit_2025-26/output/safety_circuit_2025#2d26/packaged/pstchip.dat 
   Finished reading C:/SPB_Data/safety_circuit_2025-26/output/safety_circuit_2025#2d26/packaged/pstchip.dat (00:00:00.46)
Starting to read C:/SPB_Data/safety_circuit_2025-26/output/safety_circuit_2025#2d26/packaged/pstxprt.dat 
   Finished reading C:/SPB_Data/safety_circuit_2025-26/output/safety_circuit_2025#2d26/packaged/pstxprt.dat (00:00:00.00)
Starting to read C:/SPB_Data/safety_circuit_2025-26/output/safety_circuit_2025#2d26/packaged/pstxnet.dat 
   Finished reading C:/SPB_Data/safety_circuit_2025-26/output/safety_circuit_2025#2d26/packaged/pstxnet.dat (00:00:00.00)

------ Oversights/Warnings/Errors ------




===========================================================
Start Constraint Diff3 Import
	Constraint File:    C:/SPB_Data/safety_circuit_2025-26/output/safety_circuit_2025#2d26/packaged/pstcmdb.dat
	Allegro Baseline:   C:/Users/motre/AppData/Local/Temp/#Taaaaak14564.tmp
	Start time: Wed Nov 12 19:32:10 2025
===========================================================


The constraint difference report file can be viewed using the following command:
cdnFlowOOSMsg.exe -file file:///C:/SPB_Data/safety_circuit_2025-26/output/safety_circuit_2025#2d26/physical/netrev_constraint_report.xml

===========================================================
Finished Constraint Update	Time: Wed Nov 12 19:32:10 2025
===========================================================

------ Library Paths ------
MODULEPATH =  . 
           C:/Users/motre/Desktop/AllegroSysCap_24_1/syscap_training/SITE/pcb/modules 

PSMPATH =  . 
           symbols 
           .. 
           ../symbols 
           C:/Cadence/SPB_25.1/share/local/pcb/symbols 
           C:/Cadence/SPB_25.1/share/pcb/pcb_lib/symbols 
           C:/Cadence/SPB_25.1/share/pcb/allegrolib/symbols 
           C:/SPB_Data/downloaded_parts/allegropcb 

PADPATH =  . 
           symbols 
           .. 
           ../symbols 
           C:/Cadence/SPB_25.1/share/local/pcb/padstacks 
           C:/Cadence/SPB_25.1/share/pcb/pcb_lib/symbols 
           C:/Cadence/SPB_25.1/share/pcb/allegrolib/symbols 
           C:/SPB_Data/downloaded_parts/allegropcb 


------ Summary Statistics ------


netrev run on Nov 12 19:32:09 2025
   DESIGN NAME : 'SAFETY_CIRCUIT_2025-26'
   PACKAGING ON 12-Nov-2025 AT 19:31:45

   COMPILE 'logic'
   CHECK_PIN_NAMES OFF
   CROSS_REFERENCE OFF
   FEEDBACK OFF
   INCREMENTAL OFF
   INTERFACE_TYPE PHYSICAL
   MAX_ERRORS 500
   MERGE_MINIMUM 5
   NET_NAME_CHARS '#%&()*+-./:=>?@[]^_`|'
   NET_NAME_LENGTH 24
   OVERSIGHTS ON
   REPLACE_CHECK OFF
   SINGLE_NODE_NETS ON
   SPLIT_MINIMUM 0
   SUPPRESS   20
   WARNINGS ON

 No error detected
 No oversight detected
 No warning detected

cpu time      0:01:24
elapsed time  0:00:01

